Traceback (most recent call last):
  File "/usr/local/python/3.12.1/lib/python3.12/site-packages/jupyter_cache/executors/utils.py", line 58, in single_nb_execution
    executenb(
  File "/home/codespace/.local/lib/python3.12/site-packages/nbclient/client.py", line 1314, in execute
    return NotebookClient(nb=nb, resources=resources, km=km, **kwargs).execute()
           ^^^^^^^^^^^^^^^^^^^^^^^^^^^^^^^^^^^^^^^^^^^^^^^^^^^^^^^^^^^^^^^^^^^^^
  File "/home/codespace/.local/lib/python3.12/site-packages/jupyter_core/utils/__init__.py", line 165, in wrapped
    return loop.run_until_complete(inner)
           ^^^^^^^^^^^^^^^^^^^^^^^^^^^^^^
  File "/usr/local/python/3.12.1/lib/python3.12/asyncio/base_events.py", line 684, in run_until_complete
    return future.result()
           ^^^^^^^^^^^^^^^
  File "/home/codespace/.local/lib/python3.12/site-packages/nbclient/client.py", line 709, in async_execute
    await self.async_execute_cell(
  File "/home/codespace/.local/lib/python3.12/site-packages/nbclient/client.py", line 1062, in async_execute_cell
    await self._check_raise_for_error(cell, cell_index, exec_reply)
  File "/home/codespace/.local/lib/python3.12/site-packages/nbclient/client.py", line 918, in _check_raise_for_error
    raise CellExecutionError.from_cell_and_msg(cell, exec_reply_content)
nbclient.exceptions.CellExecutionError: An error occurred while executing the following cell:
------------------
import os
import warnings
warnings.filterwarnings("ignore")
import tifffile as tiff
from skimage import io
import Kview2
import numpy as np
import stackview
import pandas as pd
from napari_simpleitk_image_processing import label_statistics
from scipy import ndimage
from skimage.transform import resize
import matplotlib.pyplot as plt
from matplotlib import rc_file_defaults
------------------


[0;31m---------------------------------------------------------------------------[0m
[0;31mModuleNotFoundError[0m                       Traceback (most recent call last)
Cell [0;32mIn[1], line 4[0m
[1;32m      2[0m [38;5;28;01mimport[39;00m [38;5;21;01mwarnings[39;00m
[1;32m      3[0m warnings[38;5;241m.[39mfilterwarnings([38;5;124m"[39m[38;5;124mignore[39m[38;5;124m"[39m)
[0;32m----> 4[0m [38;5;28;01mimport[39;00m [38;5;21;01mtifffile[39;00m [38;5;28;01mas[39;00m [38;5;21;01mtiff[39;00m
[1;32m      5[0m [38;5;28;01mfrom[39;00m [38;5;21;01mskimage[39;00m [38;5;28;01mimport[39;00m io
[1;32m      6[0m [38;5;28;01mimport[39;00m [38;5;21;01mKview2[39;00m

[0;31mModuleNotFoundError[0m: No module named 'tifffile'

